// Jest Snapshot v1, https://goo.gl/fbAQLP

exports[`Grid component renders correctly 1`] = `
<div
  className="grid"
/>
`;
