// Jest Snapshot v1, https://goo.gl/fbAQLP

exports[`Section component renders correctly 1`] = `
<section
  className="section"
/>
`;
